../Core/Src/main.c:85:6:DSI_IO_WriteCmd	2
../Core/Src/main.c:103:5:main	4
../Core/Src/main.c:300:6:SystemClock_Config	4
../Core/Src/main.c:373:13:SystemPower_Config	2
../Core/Src/main.c:393:13:MX_ADC1_Init	3
../Core/Src/main.c:455:13:MX_CRC_Init	2
../Core/Src/main.c:486:13:MX_DSIHOST_DSI_Init	9
../Core/Src/main.c:595:13:MX_GPDMA1_Init	1
../Core/Src/main.c:623:13:MX_I2C5_Init	4
../Core/Src/main.c:671:13:MX_ICACHE_Init	3
../Core/Src/main.c:703:13:MX_LTDC_Init	3
../Core/Src/main.c:765:13:MX_RTC_Init	3
../Core/Src/main.c:813:13:MX_UART4_Init	5
../Core/Src/main.c:861:13:MX_GPIO_Init	1
../Core/Src/main.c:1216:6:HAL_TIM_PeriodElapsedCallback	2
../Core/Src/main.c:1233:6:Error_Handler	1
