22:26:43 **** Incremental Build of configuration Debug for project ADP5360_demo ****
make -j16 all 
arm-none-eabi-gcc "C:/Users/bens1/OneDrive/Documents/Projects/Smart-Watch/Firmware/STM32/libraries/Src/ADP5360.c" -mcpu=cortex-m33 -std=gnu11 -g3 -DDEBUG -DUSE_HAL_DRIVER -DSTM32U5A9xx -c -I../Core/Inc -I"C:/Users/bens1/OneDrive/Documents/Projects/Smart-Watch/Firmware/STM32/libraries/Inc" -I../Drivers/STM32U5xx_HAL_Driver/Inc -I../Drivers/STM32U5xx_HAL_Driver/Inc/Legacy -I../Drivers/CMSIS/Device/ST/STM32U5xx/Include -I../Drivers/CMSIS/Include -O0 -ffunction-sections -fdata-sections -Wall -fstack-usage -fcyclomatic-complexity -MMD -MP -MF"Core/Src/ADP5360.d" -MT"Core/Src/ADP5360.o" --specs=nano.specs -mfpu=fpv5-sp-d16 -mfloat-abi=hard -mthumb -o "Core/Src/ADP5360.o"
arm-none-eabi-g++ -o "ADP5360_demo.elf" @"objects.list"   -mcpu=cortex-m33 -T"C:\Users\bens1\OneDrive\Documents\Projects\Smart-Watch\Firmware\STM32\main_board_v2\ADP5360_demo\STM32U5A9NJHXQ_FLASH.ld" --specs=nosys.specs -Wl,-Map="ADP5360_demo.map" -Wl,--gc-sections -static --specs=nano.specs -mfpu=fpv5-sp-d16 -mfloat-abi=hard -mthumb -Wl,--start-group -lc -lm -lstdc++ -lsupc++ -Wl,--end-group
Finished building target: ADP5360_demo.elf
 
arm-none-eabi-size  ADP5360_demo.elf 
arm-none-eabi-objdump -h -S ADP5360_demo.elf  > "ADP5360_demo.list"
   text	   data	    bss	    dec	    hex	filename
  58236	     17	   3660	  61913	   f1d9	ADP5360_demo.elf
Finished building: default.size.stdout
 
Finished building: ADP5360_demo.list
 

22:26:44 Build Finished. 0 errors, 0 warnings. (took 991ms)

