17:06:43 **** Build of configuration Debug for project EEPROM_demo ****
make -j16 all 
arm-none-eabi-gcc "C:/Users/bens1/Documents/Other/Projects/Smart-Watch/Firmware/STM32/libraries/Src/EEPROM.c" -mcpu=cortex-m33 -std=gnu11 -g3 -DDEBUG -DUSE_HAL_DRIVER -DSTM32U5A9xx -c -I../Core/Inc -I../Drivers/STM32U5xx_HAL_Driver/Inc -I../Drivers/STM32U5xx_HAL_Driver/Inc/Legacy -I../Drivers/CMSIS/Device/ST/STM32U5xx/Include -I../Drivers/CMSIS/Include -I"C:/Users/bens1/Documents/Other/Projects/Smart-Watch/Firmware/STM32/Libraries/Inc" -O0 -ffunction-sections -fdata-sections -Wall -fstack-usage -fcyclomatic-complexity -MMD -MP -MF"Core/Src/EEPROM.d" -MT"Core/Src/EEPROM.o" --specs=nano.specs -mfpu=fpv5-sp-d16 -mfloat-abi=hard -mthumb -o "Core/Src/EEPROM.o"
arm-none-eabi-gcc "../Core/Src/main.c" -mcpu=cortex-m33 -std=gnu11 -g3 -DDEBUG -DUSE_HAL_DRIVER -DSTM32U5A9xx -c -I../Core/Inc -I../Drivers/STM32U5xx_HAL_Driver/Inc -I../Drivers/STM32U5xx_HAL_Driver/Inc/Legacy -I../Drivers/CMSIS/Device/ST/STM32U5xx/Include -I../Drivers/CMSIS/Include -I"C:/Users/bens1/Documents/Other/Projects/Smart-Watch/Firmware/STM32/Libraries/Inc" -O0 -ffunction-sections -fdata-sections -Wall -fstack-usage -fcyclomatic-complexity -MMD -MP -MF"Core/Src/main.d" -MT"Core/Src/main.o" --specs=nano.specs -mfpu=fpv5-sp-d16 -mfloat-abi=hard -mthumb -o "Core/Src/main.o"
arm-none-eabi-g++ -o "EEPROM_demo.elf" @"objects.list"   -mcpu=cortex-m33 -T"C:\Users\bens1\Documents\Other\Projects\Smart-Watch\Firmware\STM32\main_board_v2\EEPROM_demo\STM32U5A9NJHXQ_FLASH.ld" --specs=nosys.specs -Wl,-Map="EEPROM_demo.map" -Wl,--gc-sections -static --specs=nano.specs -mfpu=fpv5-sp-d16 -mfloat-abi=hard -mthumb -Wl,--start-group -lc -lm -lstdc++ -lsupc++ -Wl,--end-group
Finished building target: EEPROM_demo.elf
 
arm-none-eabi-size  EEPROM_demo.elf 
arm-none-eabi-objdump -h -S EEPROM_demo.elf  > "EEPROM_demo.list"
   text	   data	    bss	    dec	    hex	filename
  55948	   3345	   3628	  62921	   f5c9	EEPROM_demo.elf
Finished building: default.size.stdout
 
Finished building: EEPROM_demo.list
 

17:06:46 Build Finished. 0 errors, 0 warnings. (took 2s.913ms)

